To honour the JVM settings for this build a single-use Daemon process will be forked. For more on this, please refer to https://docs.gradle.org/8.8/userguide/gradle_daemon.html#sec:disabling_the_daemon in the Gradle documentation.
Daemon will be stopped at the end of the build 

> Configure project :
Java: 17.0.15, JVM: 17.0.15+6 (Eclipse Adoptium), Arch: amd64

> Task :compileJava UP-TO-DATE
> Task :processResources UP-TO-DATE
> Task :classes UP-TO-DATE
> Task :jar
> Task :downloadMcpConfig
> Task :extractSrg UP-TO-DATE
> Task :createMcpToSrg UP-TO-DATE

> Task :reobfJar
cmd : OpenJDK 64-Bit Server VM warning: INFO: 
os::commit_memory(0x0000000703e00000, 266338304, 0) failed; 
error='The paging file is too small for this operation to 
complete' (DOS error/errno=1455)
At line:1 char:1
+ cmd /c gradlew.bat build > build_output.txt 2>&1
+ ~~~~~~~~~~~~~~~~~~~~~~~~~~~~~~~~~~~~~~~~~~~~~~~~
    + CategoryInfo          : NotSpecified: (OpenJDK 64-Bit ...ror 
   /errno=1455):String) [], RemoteException
    + FullyQualifiedErrorId : NativeCommandError
 

> Task :reobfJar FAILED

FAILURE: Build failed with an exception.

* What went wrong:
Execution failed for task ':reobfJar'.
> Process 'command 'C:\Users\chill\AppData\Local\Programs\Eclipse 
Adoptium\jdk-17.0.15.6-hotspot\bin\java.exe'' finished with 
non-zero exit value 1

* Try:
> Run with --stacktrace option to get the stack trace.
> Run with --info or --debug option to get more log output.
> Run with --scan to get full insights.
> Get more help at https://help.gradle.org.

BUILD FAILED in 37s
7 actionable tasks: 3 executed, 4 up-to-date
